// Vitest Snapshot v1, https://vitest.dev/guide/snapshot.html

exports[`createMidiTrack > generates MIDI events for all instruments (drums not included) 1`] = `
{
  "header": {
    "format": 1,
    "numTracks": 5,
    "timeDivision": 480,
  },
  "tracks": [
    [
      {
        "deltaTime": 0,
        "microsecondsPerBeat": 500000,
        "type": "setTempo",
      },
      {
        "deltaTime": 0,
        "denominator": 4,
        "metronome": 100,
        "numerator": 4,
        "thirtyseconds": 18,
        "type": "timeSignature",
      },
      {
        "deltaTime": 0,
        "type": "endOfTrack",
      },
    ],
    [
      {
        "channel": 2,
        "deltaTime": 3840,
        "programNumber": 0,
        "type": "programChange",
      },
      {
        "channel": 2,
        "deltaTime": 0,
        "noteNumber": 62,
        "type": "noteOn",
        "velocity": 100,
      },
      {
        "channel": 2,
        "deltaTime": 480,
        "noteNumber": 62,
        "type": "noteOff",
        "velocity": 0,
      },
      {
        "channel": 2,
        "deltaTime": 0,
        "noteNumber": 67,
        "type": "noteOn",
        "velocity": 100,
      },
      {
        "channel": 2,
        "deltaTime": 480,
        "noteNumber": 67,
        "type": "noteOff",
        "velocity": 0,
      },
      {
        "channel": 2,
        "deltaTime": 0,
        "noteNumber": 60,
        "type": "noteOn",
        "velocity": 100,
      },
      {
        "channel": 2,
        "deltaTime": 480,
        "noteNumber": 60,
        "type": "noteOff",
        "velocity": 0,
      },
      {
        "channel": 2,
        "deltaTime": 0,
        "noteNumber": 60,
        "type": "noteOn",
        "velocity": 100,
      },
      {
        "channel": 2,
        "deltaTime": 480,
        "noteNumber": 60,
        "type": "noteOff",
        "velocity": 0,
      },
      {
        "deltaTime": 0,
        "type": "endOfTrack",
      },
    ],
    [
      {
        "channel": 2,
        "deltaTime": 3840,
        "programNumber": 0,
        "type": "programChange",
      },
      {
        "deltaTime": 0,
        "type": "endOfTrack",
      },
    ],
    [
      {
        "channel": 1,
        "deltaTime": 3840,
        "programNumber": 32,
        "type": "programChange",
      },
      {
        "channel": 1,
        "deltaTime": 0,
        "noteNumber": 38,
        "type": "noteOn",
        "velocity": 100,
      },
      {
        "channel": 1,
        "deltaTime": 480,
        "noteNumber": 38,
        "type": "noteOff",
        "velocity": 0,
      },
      {
        "channel": 1,
        "deltaTime": 0,
        "noteNumber": 38,
        "type": "noteOn",
        "velocity": 100,
      },
      {
        "channel": 1,
        "deltaTime": 480,
        "noteNumber": 38,
        "type": "noteOff",
        "velocity": 0,
      },
      {
        "channel": 1,
        "deltaTime": 0,
        "noteNumber": 38,
        "type": "noteOn",
        "velocity": 100,
      },
      {
        "channel": 1,
        "deltaTime": 480,
        "noteNumber": 38,
        "type": "noteOff",
        "velocity": 0,
      },
      {
        "channel": 1,
        "deltaTime": 0,
        "noteNumber": 36,
        "type": "noteOn",
        "velocity": 100,
      },
      {
        "channel": 1,
        "deltaTime": 320,
        "noteNumber": 36,
        "type": "noteOff",
        "velocity": 0,
      },
      {
        "channel": 1,
        "deltaTime": 480,
        "noteNumber": 36,
        "type": "noteOn",
        "velocity": 100,
      },
      {
        "channel": 1,
        "deltaTime": 1200,
        "noteNumber": 36,
        "type": "noteOff",
        "velocity": 0,
      },
      {
        "deltaTime": 0,
        "type": "endOfTrack",
      },
    ],
  ],
}
`;
