// Vitest Snapshot v1, https://vitest.dev/guide/snapshot.html

exports[`extractAbsoluteHarmonyData > should extract absolute harmony data from xml content 1`] = `
[
  {
    "harmony": {
      "beats": 4,
      "beatsType": 4,
      "divisions": 1,
      "harmonyDuration": 4,
      "harmonyKind": "dominant",
      "harmonyRootAlter": 0,
      "harmonyRootStep": "G",
      "keyFifths": 0,
    },
    "sequence": {
      "notes": [
        {
          "duration": 4,
          "pitchAlter": 0,
          "pitchOctave": 4,
          "pitchStep": "G",
        },
      ],
    },
  },
  {
    "harmony": {
      "beats": 4,
      "beatsType": 4,
      "divisions": 1,
      "harmonyDuration": 4,
      "harmonyKind": "major-seventh",
      "harmonyRootAlter": 0,
      "harmonyRootStep": "C",
      "keyFifths": 0,
    },
    "sequence": {
      "notes": [
        {
          "duration": 4,
          "pitchAlter": 0,
          "pitchOctave": 4,
          "pitchStep": "C",
        },
      ],
    },
  },
]
`;
