// Vitest Snapshot v1, https://vitest.dev/guide/snapshot.html

exports[`unzipMusicXML > should unzip and parse musicXML 1`] = `
ElementTreeBuilder {
  "_children": [
    ElementTreeBuilder {
      "_children": [
        ElementTreeBuilder {
          "_children": [],
          "attrib": {},
          "tag": "work-title",
          "text": "Untitled score",
        },
      ],
      "attrib": {},
      "tag": "work",
      "text": "",
    },
    ElementTreeBuilder {
      "_children": [
        ElementTreeBuilder {
          "_children": [],
          "attrib": {
            "type": "composer",
          },
          "tag": "creator",
          "text": "Composer / arranger",
        },
        ElementTreeBuilder {
          "_children": [
            ElementTreeBuilder {
              "_children": [],
              "attrib": {},
              "tag": "software",
              "text": "MuseScore 4.4.2",
            },
            ElementTreeBuilder {
              "_children": [],
              "attrib": {},
              "tag": "encoding-date",
              "text": "2024-09-19",
            },
            ElementTreeBuilder {
              "_children": [],
              "attrib": {
                "element": "accidental",
                "type": "yes",
              },
              "tag": "supports",
              "text": "",
            },
            ElementTreeBuilder {
              "_children": [],
              "attrib": {
                "element": "beam",
                "type": "yes",
              },
              "tag": "supports",
              "text": "",
            },
            ElementTreeBuilder {
              "_children": [],
              "attrib": {
                "attribute": "new-page",
                "element": "print",
                "type": "no",
              },
              "tag": "supports",
              "text": "",
            },
            ElementTreeBuilder {
              "_children": [],
              "attrib": {
                "attribute": "new-system",
                "element": "print",
                "type": "no",
              },
              "tag": "supports",
              "text": "",
            },
            ElementTreeBuilder {
              "_children": [],
              "attrib": {
                "element": "stem",
                "type": "yes",
              },
              "tag": "supports",
              "text": "",
            },
          ],
          "attrib": {},
          "tag": "encoding",
          "text": "",
        },
      ],
      "attrib": {},
      "tag": "identification",
      "text": "",
    },
    ElementTreeBuilder {
      "_children": [
        ElementTreeBuilder {
          "_children": [
            ElementTreeBuilder {
              "_children": [],
              "attrib": {},
              "tag": "part-name",
              "text": "Piano",
            },
            ElementTreeBuilder {
              "_children": [],
              "attrib": {},
              "tag": "part-abbreviation",
              "text": "Pno.",
            },
            ElementTreeBuilder {
              "_children": [
                ElementTreeBuilder {
                  "_children": [],
                  "attrib": {},
                  "tag": "instrument-name",
                  "text": "Piano",
                },
                ElementTreeBuilder {
                  "_children": [],
                  "attrib": {},
                  "tag": "instrument-sound",
                  "text": "keyboard.piano",
                },
              ],
              "attrib": {
                "id": "P1-I1",
              },
              "tag": "score-instrument",
              "text": "",
            },
            ElementTreeBuilder {
              "_children": [],
              "attrib": {
                "id": "P1-I1",
                "port": "1",
              },
              "tag": "midi-device",
              "text": "",
            },
            ElementTreeBuilder {
              "_children": [
                ElementTreeBuilder {
                  "_children": [],
                  "attrib": {},
                  "tag": "midi-channel",
                  "text": 1,
                },
                ElementTreeBuilder {
                  "_children": [],
                  "attrib": {},
                  "tag": "midi-program",
                  "text": 1,
                },
                ElementTreeBuilder {
                  "_children": [],
                  "attrib": {},
                  "tag": "volume",
                  "text": 78.7402,
                },
                ElementTreeBuilder {
                  "_children": [],
                  "attrib": {},
                  "tag": "pan",
                  "text": 0,
                },
              ],
              "attrib": {
                "id": "P1-I1",
              },
              "tag": "midi-instrument",
              "text": "",
            },
          ],
          "attrib": {
            "id": "P1",
          },
          "tag": "score-part",
          "text": "",
        },
      ],
      "attrib": {},
      "tag": "part-list",
      "text": "",
    },
    ElementTreeBuilder {
      "_children": [
        ElementTreeBuilder {
          "_children": [
            ElementTreeBuilder {
              "_children": [
                ElementTreeBuilder {
                  "_children": [],
                  "attrib": {},
                  "tag": "divisions",
                  "text": 1,
                },
                ElementTreeBuilder {
                  "_children": [
                    ElementTreeBuilder {
                      "_children": [],
                      "attrib": {},
                      "tag": "fifths",
                      "text": 0,
                    },
                  ],
                  "attrib": {},
                  "tag": "key",
                  "text": "",
                },
                ElementTreeBuilder {
                  "_children": [
                    ElementTreeBuilder {
                      "_children": [],
                      "attrib": {},
                      "tag": "beats",
                      "text": 4,
                    },
                    ElementTreeBuilder {
                      "_children": [],
                      "attrib": {},
                      "tag": "beat-type",
                      "text": 4,
                    },
                  ],
                  "attrib": {},
                  "tag": "time",
                  "text": "",
                },
                ElementTreeBuilder {
                  "_children": [
                    ElementTreeBuilder {
                      "_children": [],
                      "attrib": {},
                      "tag": "sign",
                      "text": "G",
                    },
                    ElementTreeBuilder {
                      "_children": [],
                      "attrib": {},
                      "tag": "line",
                      "text": 2,
                    },
                  ],
                  "attrib": {},
                  "tag": "clef",
                  "text": "",
                },
              ],
              "attrib": {},
              "tag": "attributes",
              "text": "",
            },
            ElementTreeBuilder {
              "_children": [
                ElementTreeBuilder {
                  "_children": [
                    ElementTreeBuilder {
                      "_children": [],
                      "attrib": {},
                      "tag": "root-step",
                      "text": "D",
                    },
                  ],
                  "attrib": {},
                  "tag": "root",
                  "text": "",
                },
                ElementTreeBuilder {
                  "_children": [],
                  "attrib": {
                    "text": "m7",
                  },
                  "tag": "kind",
                  "text": "minor-seventh",
                },
              ],
              "attrib": {
                "print-frame": "no",
              },
              "tag": "harmony",
              "text": "",
            },
            ElementTreeBuilder {
              "_children": [
                ElementTreeBuilder {
                  "_children": [],
                  "attrib": {
                    "measure": "yes",
                  },
                  "tag": "rest",
                  "text": "",
                },
                ElementTreeBuilder {
                  "_children": [],
                  "attrib": {},
                  "tag": "duration",
                  "text": 4,
                },
                ElementTreeBuilder {
                  "_children": [],
                  "attrib": {},
                  "tag": "voice",
                  "text": 1,
                },
              ],
              "attrib": {},
              "tag": "note",
              "text": "",
            },
          ],
          "attrib": {
            "number": "1",
          },
          "tag": "measure",
          "text": "",
        },
        ElementTreeBuilder {
          "_children": [
            ElementTreeBuilder {
              "_children": [
                ElementTreeBuilder {
                  "_children": [
                    ElementTreeBuilder {
                      "_children": [],
                      "attrib": {},
                      "tag": "root-step",
                      "text": "G",
                    },
                  ],
                  "attrib": {},
                  "tag": "root",
                  "text": "",
                },
                ElementTreeBuilder {
                  "_children": [],
                  "attrib": {
                    "text": "7",
                  },
                  "tag": "kind",
                  "text": "dominant",
                },
              ],
              "attrib": {
                "print-frame": "no",
              },
              "tag": "harmony",
              "text": "",
            },
            ElementTreeBuilder {
              "_children": [
                ElementTreeBuilder {
                  "_children": [],
                  "attrib": {
                    "measure": "yes",
                  },
                  "tag": "rest",
                  "text": "",
                },
                ElementTreeBuilder {
                  "_children": [],
                  "attrib": {},
                  "tag": "duration",
                  "text": 4,
                },
                ElementTreeBuilder {
                  "_children": [],
                  "attrib": {},
                  "tag": "voice",
                  "text": 1,
                },
              ],
              "attrib": {},
              "tag": "note",
              "text": "",
            },
          ],
          "attrib": {
            "number": "2",
          },
          "tag": "measure",
          "text": "",
        },
        ElementTreeBuilder {
          "_children": [
            ElementTreeBuilder {
              "_children": [
                ElementTreeBuilder {
                  "_children": [
                    ElementTreeBuilder {
                      "_children": [],
                      "attrib": {},
                      "tag": "root-step",
                      "text": "C",
                    },
                  ],
                  "attrib": {},
                  "tag": "root",
                  "text": "",
                },
                ElementTreeBuilder {
                  "_children": [],
                  "attrib": {
                    "text": "maj7",
                  },
                  "tag": "kind",
                  "text": "major-seventh",
                },
              ],
              "attrib": {
                "print-frame": "no",
              },
              "tag": "harmony",
              "text": "",
            },
            ElementTreeBuilder {
              "_children": [
                ElementTreeBuilder {
                  "_children": [],
                  "attrib": {
                    "measure": "yes",
                  },
                  "tag": "rest",
                  "text": "",
                },
                ElementTreeBuilder {
                  "_children": [],
                  "attrib": {},
                  "tag": "duration",
                  "text": 4,
                },
                ElementTreeBuilder {
                  "_children": [],
                  "attrib": {},
                  "tag": "voice",
                  "text": 1,
                },
              ],
              "attrib": {},
              "tag": "note",
              "text": "",
            },
          ],
          "attrib": {
            "number": "3",
          },
          "tag": "measure",
          "text": "",
        },
        ElementTreeBuilder {
          "_children": [
            ElementTreeBuilder {
              "_children": [
                ElementTreeBuilder {
                  "_children": [],
                  "attrib": {
                    "measure": "yes",
                  },
                  "tag": "rest",
                  "text": "",
                },
                ElementTreeBuilder {
                  "_children": [],
                  "attrib": {},
                  "tag": "duration",
                  "text": 4,
                },
                ElementTreeBuilder {
                  "_children": [],
                  "attrib": {},
                  "tag": "voice",
                  "text": 1,
                },
              ],
              "attrib": {},
              "tag": "note",
              "text": "",
            },
            ElementTreeBuilder {
              "_children": [
                ElementTreeBuilder {
                  "_children": [],
                  "attrib": {},
                  "tag": "bar-style",
                  "text": "light-heavy",
                },
              ],
              "attrib": {
                "location": "right",
              },
              "tag": "barline",
              "text": "",
            },
          ],
          "attrib": {
            "number": "4",
          },
          "tag": "measure",
          "text": "",
        },
      ],
      "attrib": {
        "id": "P1",
      },
      "tag": "part",
      "text": "",
    },
  ],
  "attrib": {
    "version": "4.0",
  },
  "tag": "score-partwise",
  "text": "",
}
`;

exports[`unzipMusicXML > should unzip and parse musicXML 2`] = `
"<?xml version="1.0" encoding="UTF-8"?>
<!DOCTYPE score-partwise PUBLIC "-//Recordare//DTD MusicXML 4.0 Partwise//EN" "http://www.musicxml.org/dtds/partwise.dtd">
<score-partwise version="4.0">
  <work>
    <work-title>Untitled score</work-title>
    </work>
  <identification>
    <creator type="composer">Composer / arranger</creator>
    <encoding>
      <software>MuseScore 4.4.2</software>
      <encoding-date>2024-09-19</encoding-date>
      <supports element="accidental" type="yes"/>
      <supports element="beam" type="yes"/>
      <supports element="print" attribute="new-page" type="no"/>
      <supports element="print" attribute="new-system" type="no"/>
      <supports element="stem" type="yes"/>
      </encoding>
    </identification>
  <part-list>
    <score-part id="P1">
      <part-name>Piano</part-name>
      <part-abbreviation>Pno.</part-abbreviation>
      <score-instrument id="P1-I1">
        <instrument-name>Piano</instrument-name>
        <instrument-sound>keyboard.piano</instrument-sound>
        </score-instrument>
      <midi-device id="P1-I1" port="1"></midi-device>
      <midi-instrument id="P1-I1">
        <midi-channel>1</midi-channel>
        <midi-program>1</midi-program>
        <volume>78.7402</volume>
        <pan>0</pan>
        </midi-instrument>
      </score-part>
    </part-list>
  <part id="P1">
    <measure number="1">
      <attributes>
        <divisions>1</divisions>
        <key>
          <fifths>0</fifths>
          </key>
        <time>
          <beats>4</beats>
          <beat-type>4</beat-type>
          </time>
        <clef>
          <sign>G</sign>
          <line>2</line>
          </clef>
        </attributes>
      <harmony print-frame="no">
        <root>
          <root-step>D</root-step>
          </root>
        <kind text="m7">minor-seventh</kind>
        </harmony>
      <note>
        <rest measure="yes"/>
        <duration>4</duration>
        <voice>1</voice>
        </note>
      </measure>
    <measure number="2">
      <harmony print-frame="no">
        <root>
          <root-step>G</root-step>
          </root>
        <kind text="7">dominant</kind>
        </harmony>
      <note>
        <rest measure="yes"/>
        <duration>4</duration>
        <voice>1</voice>
        </note>
      </measure>
    <measure number="3">
      <harmony print-frame="no">
        <root>
          <root-step>C</root-step>
          </root>
        <kind text="maj7">major-seventh</kind>
        </harmony>
      <note>
        <rest measure="yes"/>
        <duration>4</duration>
        <voice>1</voice>
        </note>
      </measure>
    <measure number="4">
      <note>
        <rest measure="yes"/>
        <duration>4</duration>
        <voice>1</voice>
        </note>
      <barline location="right">
        <bar-style>light-heavy</bar-style>
        </barline>
      </measure>
    </part>
  </score-partwise>
"
`;
